# UMI-tools version: 1.1.6
# output generated by count_tab --stdin /global/scratch/projects/fc_mvslab/OpenProjects/Sanjana/trebl_tools/examples/savio_jobs/../output/quick_start/trebl_experiment_/trebl_experiment_trebl_experiment_ChopTFs_AD_t10_r2/trebl_experiment_ChopTFs_AD_t10_r2_umi_count_input.tsv --stdout /global/scratch/projects/fc_mvslab/OpenProjects/Sanjana/trebl_tools/examples/savio_jobs/../output/quick_start/trebl_experiment_/trebl_experiment_trebl_experiment_ChopTFs_AD_t10_r2/trebl_experiment_ChopTFs_AD_t10_r2_directional_umi_counts.tsv
# job started at Wed May 27 10:41:52 2026 on n0059.savio3 -- c45215ab-e343-436b-ad0a-5c3ff1585a82
# pid: 1556114, system: Linux 4.18.0-553.58.1.el8_10.x86_64 #1 SMP Thu Jun 26 15:50:39 UTC 2025 x86_64
# bc_sep                                  : _
# compresslevel                           : 6
# log2stderr                              : False
# loglevel                                : 1
# method                                  : directional
# per_cell                                : None
# random_seed                             : None
# read_length                             : False
# short_help                              : None
# soft_clip_threshold                     : 4
# spliced                                 : False
# stderr                                  : <_io.TextIOWrapper name='<stderr>' mode='w' encoding='utf-8'>
# stdin                                   : <_io.TextIOWrapper name='/global/scratch/projects/fc_mvslab/OpenProjects/Sanjana/trebl_tools/examples/savio_jobs/../output/quick_start/trebl_experiment_/trebl_experiment_trebl_experiment_ChopTFs_AD_t10_r2/trebl_experiment_ChopTFs_AD_t10_r2_umi_count_input.tsv' mode='r' encoding='UTF-8'>
# stdlog                                  : <_io.TextIOWrapper name='<stdout>' mode='w' encoding='utf-8'>
# stdout                                  : <_io.TextIOWrapper name='/global/scratch/projects/fc_mvslab/OpenProjects/Sanjana/trebl_tools/examples/savio_jobs/../output/quick_start/trebl_experiment_/trebl_experiment_trebl_experiment_ChopTFs_AD_t10_r2/trebl_experiment_ChopTFs_AD_t10_r2_directional_umi_counts.tsv' mode='w' encoding='UTF-8'>
# threshold                               : 1
# timeit_file                             : None
# timeit_header                           : None
# timeit_name                             : all
# tmpdir                                  : None
2026-05-27 10:41:52,544 INFO Number of reads counted: 35203
# job finished in 0 seconds at Wed May 27 10:41:52 2026 --  9.38  0.69  0.00  0.00 -- c45215ab-e343-436b-ad0a-5c3ff1585a82
# UMI-tools version: 1.1.6
# output generated by count_tab --stdin /global/scratch/projects/fc_mvslab/OpenProjects/Sanjana/trebl_tools/examples/savio_jobs/../output/quick_start/trebl_experiment_/trebl_experiment_trebl_experiment_ChopTFs_AD_t60_r2/trebl_experiment_ChopTFs_AD_t60_r2_umi_count_input.tsv --stdout /global/scratch/projects/fc_mvslab/OpenProjects/Sanjana/trebl_tools/examples/savio_jobs/../output/quick_start/trebl_experiment_/trebl_experiment_trebl_experiment_ChopTFs_AD_t60_r2/trebl_experiment_ChopTFs_AD_t60_r2_directional_umi_counts.tsv
# job started at Wed May 27 10:41:56 2026 on n0059.savio3 -- b8a60883-25f0-4775-8896-9e78f14f2b4f
# pid: 1556177, system: Linux 4.18.0-553.58.1.el8_10.x86_64 #1 SMP Thu Jun 26 15:50:39 UTC 2025 x86_64
# bc_sep                                  : _
# compresslevel                           : 6
# log2stderr                              : False
# loglevel                                : 1
# method                                  : directional
# per_cell                                : None
# random_seed                             : None
# read_length                             : False
# short_help                              : None
# soft_clip_threshold                     : 4
# spliced                                 : False
# stderr                                  : <_io.TextIOWrapper name='<stderr>' mode='w' encoding='utf-8'>
# stdin                                   : <_io.TextIOWrapper name='/global/scratch/projects/fc_mvslab/OpenProjects/Sanjana/trebl_tools/examples/savio_jobs/../output/quick_start/trebl_experiment_/trebl_experiment_trebl_experiment_ChopTFs_AD_t60_r2/trebl_experiment_ChopTFs_AD_t60_r2_umi_count_input.tsv' mode='r' encoding='UTF-8'>
# stdlog                                  : <_io.TextIOWrapper name='<stdout>' mode='w' encoding='utf-8'>
# stdout                                  : <_io.TextIOWrapper name='/global/scratch/projects/fc_mvslab/OpenProjects/Sanjana/trebl_tools/examples/savio_jobs/../output/quick_start/trebl_experiment_/trebl_experiment_trebl_experiment_ChopTFs_AD_t60_r2/trebl_experiment_ChopTFs_AD_t60_r2_directional_umi_counts.tsv' mode='w' encoding='UTF-8'>
# threshold                               : 1
# timeit_file                             : None
# timeit_header                           : None
# timeit_name                             : all
# tmpdir                                  : None
2026-05-27 10:41:56,874 INFO Number of reads counted: 34153
# job finished in 0 seconds at Wed May 27 10:41:56 2026 --  9.38  0.57  0.00  0.00 -- b8a60883-25f0-4775-8896-9e78f14f2b4f
# UMI-tools version: 1.1.6
# output generated by count_tab --stdin /global/scratch/projects/fc_mvslab/OpenProjects/Sanjana/trebl_tools/examples/savio_jobs/../output/quick_start/trebl_experiment_/trebl_experiment_trebl_experiment_ChopTFs_RT_t10_r2/trebl_experiment_ChopTFs_RT_t10_r2_umi_count_input.tsv --stdout /global/scratch/projects/fc_mvslab/OpenProjects/Sanjana/trebl_tools/examples/savio_jobs/../output/quick_start/trebl_experiment_/trebl_experiment_trebl_experiment_ChopTFs_RT_t10_r2/trebl_experiment_ChopTFs_RT_t10_r2_directional_umi_counts.tsv
# job started at Wed May 27 10:42:00 2026 on n0059.savio3 -- 5abbe097-34eb-4b6e-bfc1-115ece97c07d
# pid: 1556240, system: Linux 4.18.0-553.58.1.el8_10.x86_64 #1 SMP Thu Jun 26 15:50:39 UTC 2025 x86_64
# bc_sep                                  : _
# compresslevel                           : 6
# log2stderr                              : False
# loglevel                                : 1
# method                                  : directional
# per_cell                                : None
# random_seed                             : None
# read_length                             : False
# short_help                              : None
# soft_clip_threshold                     : 4
# spliced                                 : False
# stderr                                  : <_io.TextIOWrapper name='<stderr>' mode='w' encoding='utf-8'>
# stdin                                   : <_io.TextIOWrapper name='/global/scratch/projects/fc_mvslab/OpenProjects/Sanjana/trebl_tools/examples/savio_jobs/../output/quick_start/trebl_experiment_/trebl_experiment_trebl_experiment_ChopTFs_RT_t10_r2/trebl_experiment_ChopTFs_RT_t10_r2_umi_count_input.tsv' mode='r' encoding='UTF-8'>
# stdlog                                  : <_io.TextIOWrapper name='<stdout>' mode='w' encoding='utf-8'>
# stdout                                  : <_io.TextIOWrapper name='/global/scratch/projects/fc_mvslab/OpenProjects/Sanjana/trebl_tools/examples/savio_jobs/../output/quick_start/trebl_experiment_/trebl_experiment_trebl_experiment_ChopTFs_RT_t10_r2/trebl_experiment_ChopTFs_RT_t10_r2_directional_umi_counts.tsv' mode='w' encoding='UTF-8'>
# threshold                               : 1
# timeit_file                             : None
# timeit_header                           : None
# timeit_name                             : all
# tmpdir                                  : None
2026-05-27 10:42:00,785 INFO Number of reads counted: 30573
# job finished in 0 seconds at Wed May 27 10:42:00 2026 --  9.33  0.52  0.00  0.00 -- 5abbe097-34eb-4b6e-bfc1-115ece97c07d
# UMI-tools version: 1.1.6
# output generated by count_tab --stdin /global/scratch/projects/fc_mvslab/OpenProjects/Sanjana/trebl_tools/examples/savio_jobs/../output/quick_start/trebl_experiment_/trebl_experiment_trebl_experiment_ChopTFs_RT_t60_r2/trebl_experiment_ChopTFs_RT_t60_r2_umi_count_input.tsv --stdout /global/scratch/projects/fc_mvslab/OpenProjects/Sanjana/trebl_tools/examples/savio_jobs/../output/quick_start/trebl_experiment_/trebl_experiment_trebl_experiment_ChopTFs_RT_t60_r2/trebl_experiment_ChopTFs_RT_t60_r2_directional_umi_counts.tsv
# job started at Wed May 27 10:42:04 2026 on n0059.savio3 -- 70c55231-79d8-4710-bba7-29d7bd1ceb91
# pid: 1556303, system: Linux 4.18.0-553.58.1.el8_10.x86_64 #1 SMP Thu Jun 26 15:50:39 UTC 2025 x86_64
# bc_sep                                  : _
# compresslevel                           : 6
# log2stderr                              : False
# loglevel                                : 1
# method                                  : directional
# per_cell                                : None
# random_seed                             : None
# read_length                             : False
# short_help                              : None
# soft_clip_threshold                     : 4
# spliced                                 : False
# stderr                                  : <_io.TextIOWrapper name='<stderr>' mode='w' encoding='utf-8'>
# stdin                                   : <_io.TextIOWrapper name='/global/scratch/projects/fc_mvslab/OpenProjects/Sanjana/trebl_tools/examples/savio_jobs/../output/quick_start/trebl_experiment_/trebl_experiment_trebl_experiment_ChopTFs_RT_t60_r2/trebl_experiment_ChopTFs_RT_t60_r2_umi_count_input.tsv' mode='r' encoding='UTF-8'>
# stdlog                                  : <_io.TextIOWrapper name='<stdout>' mode='w' encoding='utf-8'>
# stdout                                  : <_io.TextIOWrapper name='/global/scratch/projects/fc_mvslab/OpenProjects/Sanjana/trebl_tools/examples/savio_jobs/../output/quick_start/trebl_experiment_/trebl_experiment_trebl_experiment_ChopTFs_RT_t60_r2/trebl_experiment_ChopTFs_RT_t60_r2_directional_umi_counts.tsv' mode='w' encoding='UTF-8'>
# threshold                               : 1
# timeit_file                             : None
# timeit_header                           : None
# timeit_name                             : all
# tmpdir                                  : None
2026-05-27 10:42:05,199 INFO Number of reads counted: 105917
# job finished in 0 seconds at Wed May 27 10:42:05 2026 --  9.68  0.59  0.00  0.00 -- 70c55231-79d8-4710-bba7-29d7bd1ceb91

[1/6] Initializing pipeline...

[2/6] Running Step 1 mapping...
  - Plotting reads distribution...
✓ Initial map already exists: step1_AD_AD_BC_RT_BC_initial — skipping
Base prefix (stable across descriptors): step1_AD_AD_BC_RT_BC_
Full prefix for this instance: step1_AD_AD_BC_RT_BC_

Using the following step order:
1. initial
2. grouped

Grouping step1_AD_AD_BC_RT_BC_initial...
Done in 1.94 seconds.

Done.
Saved loss summary table as 'step1_AD_AD_BC_RT_BC_loss_summary'
Done in 0.19 seconds.

  - Running Step 1 mapping...
✓ Initial map already exists: step1_AD_AD_BC_RT_BC_initial — skipping
Base prefix (stable across descriptors): step1_AD_AD_BC_RT_BC_
Full prefix for this instance: step1_AD_AD_BC_RT_BC_

Using the following step order:
1. initial
2. grouped
3. thresholded
4. barcode_exists
5. unique_target
6. quality
7. designed

Grouping step1_AD_AD_BC_RT_BC_initial...
Done in 0.60 seconds.

Thresholding...
Using reads threshold of 1.
Done in 0.61 seconds.

Removing rows with null or empty barcodes (excluding AD)...
Done in 0.13 seconds.

Filtering fixed so that at least 90% of reads come from the most abundant target...
	Processing mapping 1: RT_BC → AD
Created filtered table: step1_AD_AD_BC_RT_BC_unique_target
Done in 0.15 seconds.


Filtering to high-quality reads...
Created table: step1_AD_AD_BC_RT_BC_quality — filtered for TRUE in all *_qual columns.
Done in 0.00 seconds.


Filtering to designed sequences...
Created table: step1_AD_AD_BC_RT_BC_designed — kept only Designed == 1.
Done in 0.00 seconds.

Done.
Saved loss summary table as 'step1_AD_AD_BC_RT_BC_loss_summary'
Done in 0.07 seconds.

  - Step 1 complete: 71 entries

[3/6] Running Step 2 mapping...
  - Plotting Step 2 reads distribution...
✓ Initial map already exists: step2_AD_AD_BC_initial — skipping
Base prefix (stable across descriptors): step2_AD_AD_BC_
Full prefix for this instance: step2_AD_AD_BC_

Using the following step order:
1. initial
2. grouped

Grouping step2_AD_AD_BC_initial...
Done in 0.45 seconds.

Done.
Saved loss summary table as 'step2_AD_AD_BC_loss_summary'
Done in 0.05 seconds.

✓ Initial map already exists: step2_RT_BC_initial — skipping
Base prefix (stable across descriptors): step2_RT_BC_
Full prefix for this instance: step2_RT_BC_

Using the following step order:
1. initial
2. grouped

Grouping step2_RT_BC_initial...
Done in 0.59 seconds.

Done.
Saved loss summary table as 'step2_RT_BC_loss_summary'
Done in 0.02 seconds.

  - Running Step 2 mapping...
✓ Initial map already exists: step2_AD_AD_BC_initial — skipping
✓ Initial map already exists: step2_RT_BC_initial — skipping
Base prefix (stable across descriptors): step2_AD_AD_BC_
Full prefix for this instance: step2_AD_AD_BC_

Using the following step order:
1. initial
2. grouped
3. thresholded
4. barcode_exists
5. quality
6. designed

Base prefix (stable across descriptors): step2_RT_BC_
Full prefix for this instance: step2_RT_BC_

Using the following step order:
1. initial
2. grouped
3. thresholded
4. barcode_exists
5. quality
6. designed

Grouping step2_AD_AD_BC_initial...
Done in 0.37 seconds.

Thresholding...
Using reads threshold of 1.
Done in 0.34 seconds.

Removing rows with null or empty barcodes (excluding AD)...
Done in 0.09 seconds.


Filtering to high-quality reads...
Created table: step2_AD_AD_BC_quality — filtered for TRUE in all *_qual columns.
Done in 0.02 seconds.


Filtering to designed sequences...
Created table: step2_AD_AD_BC_designed — kept only Designed == 1.
Done in 0.16 seconds.

Done.
Saved loss summary table as 'step2_AD_AD_BC_loss_summary'
Done in 0.06 seconds.

Grouping step2_RT_BC_initial...
Done in 0.69 seconds.

Thresholding...
Using reads threshold of 1.
Done in 0.45 seconds.

Removing rows with null or empty barcodes (excluding AD)...
Done in 0.01 seconds.


Filtering to high-quality reads...
Created table: step2_RT_BC_quality — filtered for TRUE in all *_qual columns.
Done in 0.01 seconds.


Filtering to designed sequences...
Created table: step2_RT_BC_designed — kept only Designed == 1.
Done in 0.01 seconds.

Done.
Saved loss summary table as 'step2_RT_BC_loss_summary'
Done in 0.02 seconds.

  - AD Step 2: 11756 entries
  - RT Step 2: 15011 entries

[4/6] Running TREBL experiment analysis...
  - Using 2 AD files and 2 RT files
  - Running TREBL experiment with both simple and directional UMI deduplication...
✓ Initial map already exists: trebl_experiment_trebl_experiment_ChopTFs_AD_t10_r2_AD_AD_BC_initial — skipping
Base prefix (stable across descriptors): trebl_experiment_trebl_experiment_ChopTFs_AD_t10_r2_AD_AD_BC_
Full prefix for this instance: trebl_experiment_trebl_experiment_ChopTFs_AD_t10_r2_AD_AD_BC_

Using the following step order:
1. initial
2. quality


Filtering to high-quality reads...
Created table: trebl_experiment_trebl_experiment_ChopTFs_AD_t10_r2_AD_AD_BC_quality — filtered for TRUE in all *_qual columns.
Done in 0.10 seconds.

Done.
Saved loss summary table as 'trebl_experiment_trebl_experiment_ChopTFs_AD_t10_r2_AD_AD_BC_loss_summary'
Done in 0.04 seconds.

Starting simple deduplication.
Finished simple deduplication.

Starting UMI Tools directional deduplication.
Exported TSV for count_tab to /global/scratch/projects/fc_mvslab/OpenProjects/Sanjana/trebl_tools/examples/savio_jobs/../output/quick_start/trebl_experiment_/trebl_experiment_trebl_experiment_ChopTFs_AD_t10_r2/trebl_experiment_ChopTFs_AD_t10_r2_umi_count_input.tsv
Count_tab output saved to /global/scratch/projects/fc_mvslab/OpenProjects/Sanjana/trebl_tools/examples/savio_jobs/../output/quick_start/trebl_experiment_/trebl_experiment_trebl_experiment_ChopTFs_AD_t10_r2/trebl_experiment_ChopTFs_AD_t10_r2_directional_umi_counts.tsv
Normalized directional output saved to /global/scratch/projects/fc_mvslab/OpenProjects/Sanjana/trebl_tools/examples/savio_jobs/../output/quick_start/trebl_experiment_/trebl_experiment_trebl_experiment_ChopTFs_AD_t10_r2/trebl_experiment_ChopTFs_AD_t10_r2_directional_umi_counts.tsv
Deleted intermediate file /global/scratch/projects/fc_mvslab/OpenProjects/Sanjana/trebl_tools/examples/savio_jobs/../output/quick_start/trebl_experiment_/trebl_experiment_trebl_experiment_ChopTFs_AD_t10_r2/trebl_experiment_ChopTFs_AD_t10_r2_umi_count_input.tsv
Finished UMI Tools directional deduplication.

Saved to /global/scratch/projects/fc_mvslab/OpenProjects/Sanjana/trebl_tools/examples/savio_jobs/../output/quick_start/trebl_experiment_/trebl_experiment_trebl_experiment_ChopTFs_AD_t10_r2/trebl_experiment_ChopTFs_AD_t10_r2_simple_umi_counts.tsv
Saved to /global/scratch/projects/fc_mvslab/OpenProjects/Sanjana/trebl_tools/examples/savio_jobs/../output/quick_start/trebl_experiment_/trebl_experiment_trebl_experiment_ChopTFs_AD_t10_r2/trebl_experiment_ChopTFs_AD_t10_r2_reads_per_umi.tsv
Done in 0.29 seconds.

✓ Initial map already exists: trebl_experiment_trebl_experiment_ChopTFs_AD_t60_r2_AD_AD_BC_initial — skipping
Base prefix (stable across descriptors): trebl_experiment_trebl_experiment_ChopTFs_AD_t60_r2_AD_AD_BC_
Full prefix for this instance: trebl_experiment_trebl_experiment_ChopTFs_AD_t60_r2_AD_AD_BC_

Using the following step order:
1. initial
2. quality


Filtering to high-quality reads...
Created table: trebl_experiment_trebl_experiment_ChopTFs_AD_t60_r2_AD_AD_BC_quality — filtered for TRUE in all *_qual columns.
Done in 0.03 seconds.

Done.
Saved loss summary table as 'trebl_experiment_trebl_experiment_ChopTFs_AD_t60_r2_AD_AD_BC_loss_summary'
Done in 0.04 seconds.

Starting simple deduplication.
Finished simple deduplication.

Starting UMI Tools directional deduplication.
Exported TSV for count_tab to /global/scratch/projects/fc_mvslab/OpenProjects/Sanjana/trebl_tools/examples/savio_jobs/../output/quick_start/trebl_experiment_/trebl_experiment_trebl_experiment_ChopTFs_AD_t60_r2/trebl_experiment_ChopTFs_AD_t60_r2_umi_count_input.tsv
Count_tab output saved to /global/scratch/projects/fc_mvslab/OpenProjects/Sanjana/trebl_tools/examples/savio_jobs/../output/quick_start/trebl_experiment_/trebl_experiment_trebl_experiment_ChopTFs_AD_t60_r2/trebl_experiment_ChopTFs_AD_t60_r2_directional_umi_counts.tsv
Normalized directional output saved to /global/scratch/projects/fc_mvslab/OpenProjects/Sanjana/trebl_tools/examples/savio_jobs/../output/quick_start/trebl_experiment_/trebl_experiment_trebl_experiment_ChopTFs_AD_t60_r2/trebl_experiment_ChopTFs_AD_t60_r2_directional_umi_counts.tsv
Deleted intermediate file /global/scratch/projects/fc_mvslab/OpenProjects/Sanjana/trebl_tools/examples/savio_jobs/../output/quick_start/trebl_experiment_/trebl_experiment_trebl_experiment_ChopTFs_AD_t60_r2/trebl_experiment_ChopTFs_AD_t60_r2_umi_count_input.tsv
Finished UMI Tools directional deduplication.

Saved to /global/scratch/projects/fc_mvslab/OpenProjects/Sanjana/trebl_tools/examples/savio_jobs/../output/quick_start/trebl_experiment_/trebl_experiment_trebl_experiment_ChopTFs_AD_t60_r2/trebl_experiment_ChopTFs_AD_t60_r2_simple_umi_counts.tsv
Saved to /global/scratch/projects/fc_mvslab/OpenProjects/Sanjana/trebl_tools/examples/savio_jobs/../output/quick_start/trebl_experiment_/trebl_experiment_trebl_experiment_ChopTFs_AD_t60_r2/trebl_experiment_ChopTFs_AD_t60_r2_reads_per_umi.tsv
Done in 0.25 seconds.

✓ Initial map already exists: trebl_experiment_trebl_experiment_ChopTFs_RT_t10_r2_RT_BC_initial — skipping
Base prefix (stable across descriptors): trebl_experiment_trebl_experiment_ChopTFs_RT_t10_r2_RT_BC_
Full prefix for this instance: trebl_experiment_trebl_experiment_ChopTFs_RT_t10_r2_RT_BC_

Using the following step order:
1. initial
2. quality


Filtering to high-quality reads...
Created table: trebl_experiment_trebl_experiment_ChopTFs_RT_t10_r2_RT_BC_quality — filtered for TRUE in all *_qual columns.
Done in 0.02 seconds.

Done.
Saved loss summary table as 'trebl_experiment_trebl_experiment_ChopTFs_RT_t10_r2_RT_BC_loss_summary'
Done in 0.02 seconds.

Starting simple deduplication.
Finished simple deduplication.

Starting UMI Tools directional deduplication.
Exported TSV for count_tab to /global/scratch/projects/fc_mvslab/OpenProjects/Sanjana/trebl_tools/examples/savio_jobs/../output/quick_start/trebl_experiment_/trebl_experiment_trebl_experiment_ChopTFs_RT_t10_r2/trebl_experiment_ChopTFs_RT_t10_r2_umi_count_input.tsv
Count_tab output saved to /global/scratch/projects/fc_mvslab/OpenProjects/Sanjana/trebl_tools/examples/savio_jobs/../output/quick_start/trebl_experiment_/trebl_experiment_trebl_experiment_ChopTFs_RT_t10_r2/trebl_experiment_ChopTFs_RT_t10_r2_directional_umi_counts.tsv
Normalized directional output saved to /global/scratch/projects/fc_mvslab/OpenProjects/Sanjana/trebl_tools/examples/savio_jobs/../output/quick_start/trebl_experiment_/trebl_experiment_trebl_experiment_ChopTFs_RT_t10_r2/trebl_experiment_ChopTFs_RT_t10_r2_directional_umi_counts.tsv
Deleted intermediate file /global/scratch/projects/fc_mvslab/OpenProjects/Sanjana/trebl_tools/examples/savio_jobs/../output/quick_start/trebl_experiment_/trebl_experiment_trebl_experiment_ChopTFs_RT_t10_r2/trebl_experiment_ChopTFs_RT_t10_r2_umi_count_input.tsv
Finished UMI Tools directional deduplication.

Saved to /global/scratch/projects/fc_mvslab/OpenProjects/Sanjana/trebl_tools/examples/savio_jobs/../output/quick_start/trebl_experiment_/trebl_experiment_trebl_experiment_ChopTFs_RT_t10_r2/trebl_experiment_ChopTFs_RT_t10_r2_simple_umi_counts.tsv
Saved to /global/scratch/projects/fc_mvslab/OpenProjects/Sanjana/trebl_tools/examples/savio_jobs/../output/quick_start/trebl_experiment_/trebl_experiment_trebl_experiment_ChopTFs_RT_t10_r2/trebl_experiment_ChopTFs_RT_t10_r2_reads_per_umi.tsv
Done in 0.11 seconds.

✓ Initial map already exists: trebl_experiment_trebl_experiment_ChopTFs_RT_t60_r2_RT_BC_initial — skipping
Base prefix (stable across descriptors): trebl_experiment_trebl_experiment_ChopTFs_RT_t60_r2_RT_BC_
Full prefix for this instance: trebl_experiment_trebl_experiment_ChopTFs_RT_t60_r2_RT_BC_

Using the following step order:
1. initial
2. quality


Filtering to high-quality reads...
Created table: trebl_experiment_trebl_experiment_ChopTFs_RT_t60_r2_RT_BC_quality — filtered for TRUE in all *_qual columns.
Done in 0.04 seconds.

Done.
Saved loss summary table as 'trebl_experiment_trebl_experiment_ChopTFs_RT_t60_r2_RT_BC_loss_summary'
Done in 0.04 seconds.

Starting simple deduplication.
Finished simple deduplication.

Starting UMI Tools directional deduplication.
Exported TSV for count_tab to /global/scratch/projects/fc_mvslab/OpenProjects/Sanjana/trebl_tools/examples/savio_jobs/../output/quick_start/trebl_experiment_/trebl_experiment_trebl_experiment_ChopTFs_RT_t60_r2/trebl_experiment_ChopTFs_RT_t60_r2_umi_count_input.tsv
Count_tab output saved to /global/scratch/projects/fc_mvslab/OpenProjects/Sanjana/trebl_tools/examples/savio_jobs/../output/quick_start/trebl_experiment_/trebl_experiment_trebl_experiment_ChopTFs_RT_t60_r2/trebl_experiment_ChopTFs_RT_t60_r2_directional_umi_counts.tsv
Normalized directional output saved to /global/scratch/projects/fc_mvslab/OpenProjects/Sanjana/trebl_tools/examples/savio_jobs/../output/quick_start/trebl_experiment_/trebl_experiment_trebl_experiment_ChopTFs_RT_t60_r2/trebl_experiment_ChopTFs_RT_t60_r2_directional_umi_counts.tsv
Deleted intermediate file /global/scratch/projects/fc_mvslab/OpenProjects/Sanjana/trebl_tools/examples/savio_jobs/../output/quick_start/trebl_experiment_/trebl_experiment_trebl_experiment_ChopTFs_RT_t60_r2/trebl_experiment_ChopTFs_RT_t60_r2_umi_count_input.tsv
Finished UMI Tools directional deduplication.

Saved to /global/scratch/projects/fc_mvslab/OpenProjects/Sanjana/trebl_tools/examples/savio_jobs/../output/quick_start/trebl_experiment_/trebl_experiment_trebl_experiment_ChopTFs_RT_t60_r2/trebl_experiment_ChopTFs_RT_t60_r2_simple_umi_counts.tsv
Saved to /global/scratch/projects/fc_mvslab/OpenProjects/Sanjana/trebl_tools/examples/savio_jobs/../output/quick_start/trebl_experiment_/trebl_experiment_trebl_experiment_ChopTFs_RT_t60_r2/trebl_experiment_ChopTFs_RT_t60_r2_reads_per_umi.tsv
Done in 0.31 seconds.

Plotting BCs:   0%|                                                                                                                                                                                                              | 0/2 [00:00<?, ?it/s]Plotting BCs: 100%|██████████████████████████████████████████████████████████████████████████████████████████████████████████████████████████████████████████████████████████████████████████████████████████████████████| 2/2 [00:00<00:00, 22.98it/s]
Plotting BCs:   0%|                                                                                                                                                                                                              | 0/2 [00:00<?, ?it/s]Plotting BCs: 100%|██████████████████████████████████████████████████████████████████████████████████████████████████████████████████████████████████████████████████████████████████████████████████████████████████████| 2/2 [00:00<00:00, 36.42it/s]
AD results and RT results ready.

[5/6] Calculating activity scores...
Found both simple and directional count files — computing both.
Saved activity scores (8 rows) → /global/scratch/projects/fc_mvslab/OpenProjects/Sanjana/trebl_tools/examples/savio_jobs/../output/quick_start/trebl_experiment_activity_scores_per_barcode.csv
  - Activity rows (per barcode): 8

[6/6] Activity score tables written by calculate_activity_scores().

Analysis complete!
Job completed at: Wed May 27 10:42:09 PDT 2026
